exports[`Footer component matches snapshot 1`] = `
<p>
  Version 0.0.1
</p>
`;
